Microchip MPLAB XC8 Compiler V3.10

Linker command line:

-W-3 \
  --edf=C:\Program Files\Microchip\xc8\v3.10\pic\dat\20250813170317_en.msgs \
  -cn -h+dist/default/production\Microoven.X.production.sym \
  --cmf=dist/default/production\Microoven.X.production.cmf -z -Q16F877A \
  -oC:\Users\RAJSHE~1\AppData\Local\Temp\xcAsam0.0\driver_tmp_3.o \
  --defsym=__MPLAB_BUILD=1 --fixupoverflow=error \
  -Mdist/default/production/Microoven.X.production.map \
  --md=C:\Users\RAJSHE~1\AppData\Local\Temp\xcAsam0.0\driver_tmp_0.dat -E1 \
  -ver=XC8 Compiler -ACODE=00h-07FFhx4 -ASTRCODE=00h-01FFFh \
  -ASTRING=00h-0FFhx32 -ACONST=00h-0FFhx32 -AENTRY=00h-0FFhx32 \
  -ACOMMON=070h-07Fh -ABANK0=020h-06Fh -ABANK1=0A0h-0EFh \
  -ABANK2=0110h-016Fh -ABANK3=0190h-01EFh \
  -ARAM=020h-06Fh,0A0h-0EFh,0110h-016Fh,0190h-01EFh \
  -AABS1=020h-07Fh,0A0h-0EFh,0110h-016Fh,0190h-01EFh -ASFR0=00h-01Fh \
  -ASFR1=080h-09Fh -ASFR2=0100h-010Fh -ASFR3=0180h-018Fh \
  -ACONFIG=02007h-02007h -DCONFIG=2 -AIDLOC=02000h-02003h -DIDLOC=2 \
  -AEEDATA=00h-0FFh/02100h -peeprom_data=EEDATA -DEEDATA=2 -DCODE=2 \
  -DSTRCODE=2 -DSTRING=2 -DCONST=2 -DENTRY=2 \
  -preset_vec=00h,intentry=04h,sivt,init,end_init -ppowerup=CODE \
  -pcinit=CODE -pfunctab=ENTRY -k \
  C:\Users\RAJSHE~1\AppData\Local\Temp\xcAsam0.0\driver_tmp_12.o \
  dist/default/production\Microoven.X.production.o 

Object code version is 3.11

Machine type is 16F877A



                Name                               Link     Load   Length Selector   Space Scale
C:\Users\RAJSHE~1\AppData\Local\Temp\xcAsam0.0\driver_tmp_12.o
                end_init                              C        C        3        8       0
                reset_vec                             0        0        3        0       0
                config                             2007     2007        1        0       4
dist/default/production\Microoven.X.production.o
                cinit                                 F        F       25        8       0
                intentry                              4        4        8        8       0
                config                             2007     2007        1        0       4
                text25                              EC9      EC9       3B     1D92       0
                text24                              E59      E59       36     1CB2       0
                text23                              E2A      E2A       2F     1C54       0
                text22                              DFD      DFD       2D     1BFA       0
                text21                              DBE      DBE       15     1B7C       0
                text20                              695      695       6E      9EA       0
                text19                              770      770       65      9EA       0
                text18                              F46      F46       57     1E8C       0
                text17                              DAD      DAD       11     1B5A       0
                text16                              703      703       6D      9EA       0
                text15                              4F5      4F5       E5      9EA       0
                text14                              D88      D88        A     1B10       0
                text13                              F9D      F9D       63     1F3A       0
                text12                              D92      D92        B     1B24       0
                text11                              D9D      D9D       10     1B3A       0
                text10                              3F7      3F7        9        8       0
                text9                               DD3      DD3       15     1BA6       0
                text8                               5DA      5DA       BB      9EA       0
                text7                               3D4      3D4       23        8       0
                text6                               F04      F04       42     1E08       0
                text5                               E8F      E8F       3A     1D1E       0
                text4                               7D5      7D5       25      9EA       0
                text3                               2B8      2B8      11C        8       0
                text2                               DE8      DE8       15     1BD0       0
                text1                                34       34      167        8       0
                maintext                            19B      19B      11D        8       0
                cstackBANK0                          20       20       10       20       1
                cstackCOMMON                         70       70        9       70       1
                dataBANK0                            3D       3D        2       20       1
                bssBANK0                             30       30        D       20       1
                dataCOMMON                           7B       7B        1       70       1
                bssCOMMON                            79       79        2       70       1
                stringtext                          400      400       F5        8       0
                strings                             800      800       12     1000       0
                idataBANK0                          7FA      7FA        2      9EA       0
                idataCOMMON                         7FC      7FC        1      9EA       0

TOTAL           Name                               Link     Load   Length     Space
        CLASS   CODE           
                end_init                              C        C        3         0
                cinit                                 F        F       25         0
                intentry                              4        4        8         0
                reset_vec                             0        0        3         0
                text25                              EC9      EC9       3B         0
                text24                              E59      E59       36         0
                text23                              E2A      E2A       2F         0
                text22                              DFD      DFD       2D         0
                text21                              DBE      DBE       15         0
                text20                              695      695       6E         0
                text19                              770      770       65         0
                text18                              F46      F46       57         0
                text17                              DAD      DAD       11         0
                text16                              703      703       6D         0
                text15                              4F5      4F5       E5         0
                text14                              D88      D88        A         0
                text13                              F9D      F9D       63         0
                text12                              D92      D92        B         0
                text11                              D9D      D9D       10         0
                text10                              3F7      3F7        9         0
                text9                               DD3      DD3       15         0
                text8                               5DA      5DA       BB         0
                text7                               3D4      3D4       23         0
                text6                               F04      F04       42         0
                text5                               E8F      E8F       3A         0
                text4                               7D5      7D5       25         0
                text3                               2B8      2B8      11C         0
                text2                               DE8      DE8       15         0
                text1                                34       34      167         0
                maintext                            19B      19B      11D         0
                idataBANK0                          7FA      7FA        2         0
                idataCOMMON                         7FC      7FC        1         0

        CLASS   STRCODE        
                stringtext                          400      400       F5         0

        CLASS   STRING         
                strings                             800      800       12         0

        CLASS   CONST          

        CLASS   ENTRY          

        CLASS   COMMON         
                cstackCOMMON                         70       70        9         1
                dataCOMMON                           7B       7B        1         1
                bssCOMMON                            79       79        2         1

        CLASS   BANK0          
                cstackBANK0                          20       20       10         1
                dataBANK0                            3D       3D        2         1
                bssBANK0                             30       30        D         1

        CLASS   BANK1          

        CLASS   BANK2          

        CLASS   BANK3          

        CLASS   RAM            

        CLASS   ABS1           
                abs_s1                               7E       7E        2         1

        CLASS   SFR0           

        CLASS   SFR1           

        CLASS   SFR2           

        CLASS   SFR3           

        CLASS   CONFIG         
                config                             2007     2007        1         4

        CLASS   IDLOC          

        CLASS   EEDATA         

        CLASS   HEAP           

        CLASS   STACK          



SEGMENTS        Name                           Load    Length   Top    Selector   Space  Class     Delta

                reset_vec                      000000  000003  000003         0       0  CODE        2
                intentry                       000004  0003FC  000400         8       0  CODE        2
                cstackBANK0                    000020  00001F  00003F        20       1  BANK0       1
                cstackCOMMON                   000070  00000C  00007C        70       1  COMMON      1
                stringtext                     000400  0000F5  0004F5         8       0  STRCODE     2
                text15                         0004F5  000308  0007FD       9EA       0  CODE        2
                strings                        000800  000012  000812      1000       0  STRING      2
                text14                         000D88  00000A  000D92      1B10       0  CODE        2
                text12                         000D92  00000B  000D9D      1B24       0  CODE        2
                text11                         000D9D  000010  000DAD      1B3A       0  CODE        2
                text17                         000DAD  000011  000DBE      1B5A       0  CODE        2
                text21                         000DBE  000015  000DD3      1B7C       0  CODE        2
                text9                          000DD3  000015  000DE8      1BA6       0  CODE        2
                text2                          000DE8  000015  000DFD      1BD0       0  CODE        2
                text22                         000DFD  00002D  000E2A      1BFA       0  CODE        2
                text23                         000E2A  00002F  000E59      1C54       0  CODE        2
                text24                         000E59  000036  000E8F      1CB2       0  CODE        2
                text5                          000E8F  00003A  000EC9      1D1E       0  CODE        2
                text25                         000EC9  00003B  000F04      1D92       0  CODE        2
                text6                          000F04  000042  000F46      1E08       0  CODE        2
                text18                         000F46  000057  000F9D      1E8C       0  CODE        2
                text13                         000F9D  000063  001000      1F3A       0  CODE        2


UNUSED ADDRESS RANGES

        Name                Unused          Largest block    Delta
        BANK0            003F-006F             31           1
        BANK1            00A0-00EF             50           1
        BANK2            0110-016F             60           1
        BANK3            0190-01EF             60           1
        CODE             0003-0003              1           2
                         07FD-07FF              3
                         0812-0D87            576
                         1000-1FFF            800
        COMMON           007C-007D              2           1
        CONST            0003-0003              1           2
                         07FD-07FF              3
                         0812-0D87            100
                         1000-1FFF            100
        EEDATA           2100-21FF            100           2
        ENTRY            0003-0003              1           2
                         07FD-07FF              3
                         0812-0D87            100
                         1000-1FFF            100
        IDLOC            2000-2003              4           2
        RAM              003F-006F             31           1
                         00A0-00EF             50
                         0110-016F             60
                         0190-01EF             60
        SFR0             0000-001F             20           1
        SFR1             0080-009F             20           1
        SFR2             0100-010F             10           1
        SFR3             0180-018F             10           1
        STRCODE          0003-0003              1           2
                         07FD-07FF              3
                         0812-0D87            576
                         1000-1FFF           1000
        STRING           0003-0003              1           2
                         07FD-07FF              3
                         0812-0D87            100
                         1000-1FFF            100

                                  Symbol Table

?___awdiv                        cstackCOMMON 0072
?___awmod                        cstackCOMMON 0072
?___lwdiv                        cstackCOMMON 0072
?___lwmod                        cstackBANK0  0020
?___wmul                         cstackCOMMON 0072
_GIE                             (abs)        005F
_PEIE                            (abs)        005E
_PORTD                           (abs)        0008
_PR2                             (abs)        0092
_RB0                             (abs)        0030
_RB1                             (abs)        0031
_RB2                             (abs)        0032
_RC2                             (abs)        003A
_RD0                             (abs)        0040
_RD1                             (abs)        0041
_RD2                             (abs)        0042
_RD3                             (abs)        0043
_RE1                             (abs)        0049
_RE2                             (abs)        004A
_TMR2IE                          (abs)        0461
_TMR2IF                          (abs)        0061
_TMR2ON                          (abs)        0092
_TRISB                           (abs)        0086
_TRISC2                          (abs)        043A
_TRISD                           (abs)        0088
_TRISE1                          (abs)        0449
_TRISE2                          (abs)        044A
__H__absolute__                  __absolute__ 0000
__Habs1                          abs1         0000
__Hbank0                         bank0        0000
__Hbank1                         bank1        0000
__Hbank2                         bank2        0000
__Hbank3                         bank3        0000
__HbssBANK0                      bssBANK0     0000
__HbssCOMMON                     bssCOMMON    0000
__Hcinit                         cinit        0034
__Hclrtext                       clrtext      0000
__Hcode                          code         0000
__Hcommon                        common       0000
__Hconfig                        config       2008
__HcstackBANK0                   cstackBANK0  0000
__HcstackCOMMON                  cstackCOMMON 0000
__HdataBANK0                     dataBANK0    0000
__HdataCOMMON                    dataCOMMON   0000
__Heeprom_data                   eeprom_data  0000
__Hend_init                      end_init     000F
__Hfunctab                       functab      0000
__Hheap                          heap         0000
__HidataBANK0                    idataBANK0   0000
__HidataCOMMON                   idataCOMMON  0000
__Hinit                          init         000C
__Hintentry                      intentry     000C
__Hmaintext                      maintext     0000
__Hpowerup                       powerup      0000
__Hram                           ram          0000
__Hreset_vec                     reset_vec    0003
__Hsfr0                          sfr0         0000
__Hsfr1                          sfr1         0000
__Hsfr2                          sfr2         0000
__Hsfr3                          sfr3         0000
__Hsivt                          sivt         000C
__Hspace_0                       (abs)        1000
__Hspace_1                       (abs)        007C
__Hspace_2                       (abs)        0000
__Hspace_3                       (abs)        0000
__Hspace_4                       (abs)        400F
__Hstack                         stack        0000
__Hstrings                       strings      0000
__Hstringtext                    stringtext   0000
__Htext                          text         0000
__L__absolute__                  __absolute__ 0000
__Labs1                          abs1         0000
__Lbank0                         bank0        0000
__Lbank1                         bank1        0000
__Lbank2                         bank2        0000
__Lbank3                         bank3        0000
__LbssBANK0                      bssBANK0     0000
__LbssCOMMON                     bssCOMMON    0000
__Lcinit                         cinit        000F
__Lclrtext                       clrtext      0000
__Lcode                          code         0000
__Lcommon                        common       0000
__Lconfig                        config       0000
__LcstackBANK0                   cstackBANK0  0000
__LcstackCOMMON                  cstackCOMMON 0000
__LdataBANK0                     dataBANK0    0000
__LdataCOMMON                    dataCOMMON   0000
__Leeprom_data                   eeprom_data  0000
__Lend_init                      end_init     000C
__Lfunctab                       functab      0000
__Lheap                          heap         0000
__LidataBANK0                    idataBANK0   0000
__LidataCOMMON                   idataCOMMON  0000
__Linit                          init         000C
__Lintentry                      intentry     0004
__Lmaintext                      maintext     0000
__Lpowerup                       powerup      0000
__Lram                           ram          0000
__Lreset_vec                     reset_vec    0000
__Lsfr0                          sfr0         0000
__Lsfr1                          sfr1         0000
__Lsfr2                          sfr2         0000
__Lsfr3                          sfr3         0000
__Lsivt                          sivt         000C
__Lspace_0                       (abs)        0000
__Lspace_1                       (abs)        0000
__Lspace_2                       (abs)        0000
__Lspace_3                       (abs)        0000
__Lspace_4                       (abs)        0000
__Lstack                         stack        0000
__Lstrings                       strings      0000
__Lstringtext                    stringtext   0000
__Ltext                          text         0000
__S0                             (abs)        1000
__S1                             (abs)        007C
__S3                             (abs)        0000
___awdiv                         text19       0770
___awdiv@counter                 cstackBANK0  0020
___awdiv@dividend                cstackCOMMON 0074
___awdiv@divisor                 cstackCOMMON 0072
___awdiv@quotient                cstackBANK0  0022
___awdiv@sign                    cstackBANK0  0021
___awmod                         text18       0F46
___awmod@counter                 cstackCOMMON 0076
___awmod@dividend                cstackCOMMON 0074
___awmod@divisor                 cstackCOMMON 0072
___awmod@sign                    cstackCOMMON 0077
___bmul                          text2        0DE8
___bmul@multiplicand             cstackCOMMON 0078
___bmul@multiplier               cstackBANK0  0021
___bmul@product                  cstackBANK0  0020
___heap_hi                       (abs)        0000
___heap_lo                       (abs)        0000
___int_sp                        stack        0000
___int_stack_hi                  stack        0000
___int_stack_lo                  stack        0000
___latbits                       (abs)        0002
___lwdiv                         text6        0F04
___lwdiv@counter                 cstackCOMMON 0078
___lwdiv@dividend                cstackCOMMON 0074
___lwdiv@divisor                 cstackCOMMON 0072
___lwdiv@quotient                cstackCOMMON 0076
___lwmod                         text5        0E8F
___lwmod@counter                 cstackBANK0  0024
___lwmod@dividend                cstackBANK0  0022
___lwmod@divisor                 cstackBANK0  0020
___sp                            stack        0000
___stack_hi                      stack        0000
___stack_lo                      stack        0000
___stackhi                       (abs)        0000
___stacklo                       (abs)        0000
___wmul                          text4        07D5
___wmul@multiplicand             cstackCOMMON 0074
___wmul@multiplier               cstackCOMMON 0072
___wmul@product                  cstackCOMMON 0076
__end_of___awdiv                 text19       07D5
__end_of___awmod                 text18       0F9D
__end_of___bmul                  text2        0DFD
__end_of___lwdiv                 text6        0F46
__end_of___lwmod                 text5        0EC9
__end_of___wmul                  text4        07FA
__end_of__initialization         cinit        0030
__end_of__stringtab              strings      0812
__end_of_clcd_print              text23       0E59
__end_of_clcd_putch              text21       0DD3
__end_of_clcd_write              text24       0E8F
__end_of_clear_screen            text17       0DBE
__end_of_display_modes           text22       0E2A
__end_of_display_power_screen    text20       0703
__end_of_display_preheat         text16       0770
__end_of_display_time            text15       05DA
__end_of_heat_food               text14       0D92
__end_of_init_clcd               text12       0D9D
__end_of_init_config             text9        0DE8
__end_of_init_display_controller text13       1000
__end_of_init_matrix_keypad      text11       0DAD
__end_of_init_timer2             text10       0400
__end_of_isr                     text25       0F04
__end_of_main                    maintext     02B8
__end_of_read_matrix_keypad      text7        03F7
__end_of_scan_keypad             text8        0695
__end_of_set_temp                text3        03D4
__end_of_set_time                text1        019B
__initialization                 cinit        000F
__pbssBANK0                      bssBANK0     0030
__pbssCOMMON                     bssCOMMON    0079
__pcstackBANK0                   cstackBANK0  0020
__pcstackCOMMON                  cstackCOMMON 0070
__pdataBANK0                     dataBANK0    003D
__pdataCOMMON                    dataCOMMON   007B
__pidataBANK0                    idataBANK0   07FA
__pidataCOMMON                   idataCOMMON  07FC
__pintentry                      intentry     0004
__pmaintext                      maintext     019B
__pstrings                       strings      0800
__pstringtext                    stringtext   0400
__ptext1                         text1        0034
__ptext10                        text10       03F7
__ptext11                        text11       0D9D
__ptext12                        text12       0D92
__ptext13                        text13       0F9D
__ptext14                        text14       0D88
__ptext15                        text15       04F5
__ptext16                        text16       0703
__ptext17                        text17       0DAD
__ptext18                        text18       0F46
__ptext19                        text19       0770
__ptext2                         text2        0DE8
__ptext20                        text20       0695
__ptext21                        text21       0DBE
__ptext22                        text22       0DFD
__ptext23                        text23       0E2A
__ptext24                        text24       0E59
__ptext25                        text25       0EC9
__ptext3                         text3        02B8
__ptext4                         text4        07D5
__ptext5                         text5        0E8F
__ptext6                         text6        0F04
__ptext7                         text7        03D4
__ptext8                         text8        05DA
__ptext9                         text9        0DD3
__stringbase                     strings      0812
__stringtab                      strings      0800
_clcd_print                      text23       0E2A
_clcd_putch                      text21       0DBE
_clcd_write                      text24       0E59
_clear_screen                    text17       0DAD
_display_modes                   text22       0DFD
_display_power_screen            text20       0695
_display_preheat                 text16       0703
_display_time                    text15       04F5
_heat_food                       text14       0D88
_init_clcd                       text12       0D92
_init_config                     text9        0DD3
_init_display_controller         text13       0F9D
_init_matrix_keypad              text11       0D9D
_init_timer2                     text10       03F7
_isr                             text25       0EC9
_main                            maintext     019B
_min                             bssBANK0     003B
_nRBPU                           (abs)        040F
_pre_heat                        bssBANK0     003A
_read_matrix_keypad              text7        03D4
_reset_flag                      dataBANK0    003D
_scan_keypad                     text8        05DA
_screen_flag                     dataBANK0    003E
_sec                             bssBANK0     003C
_set_temp                        text3        02B8
_set_time                        text1        0034
_temp                            bssBANK0     0030
btemp                            (abs)        007E
btemp0                           (abs)        007E
btemp1                           (abs)        007F
clcd_print@addr                  cstackCOMMON 0078
clcd_print@str                   cstackCOMMON 0076
clcd_putch@addr                  cstackBANK0  0025
clcd_putch@data                  cstackBANK0  0026
clcd_write@byte                  cstackCOMMON 0075
clcd_write@mode                  cstackCOMMON 0072
display_power_screen@i           cstackBANK0  002A
display_power_screen@i_160       cstackBANK0  002B
end_of_initialization            cinit        0030
interrupt_function               intentry     0004
intlevel0                        functab      0000
intlevel1                        functab      0000
intlevel2                        functab      0000
intlevel3                        functab      0000
intlevel4                        functab      0000
intlevel5                        functab      0000
isr@count                        bssCOMMON    0079
ltemp0a                          (abs)        0080
main@key                         cstackBANK0  002F
read_matrix_keypad@key           cstackCOMMON 0075
read_matrix_keypad@mode          cstackCOMMON 0074
read_matrix_keypad@once          dataCOMMON   007B
reset_vec                        reset_vec    0000
saved_w                          (abs)        007E
scan_keypad@i                    cstackCOMMON 0072
set_temp@delay                   bssBANK0     0033
set_temp@display_blank           bssBANK0     0032
set_temp@key                     cstackBANK0  0028
set_temp@key_count               bssBANK0     0034
set_temp@reset_flag              cstackBANK0  0027
set_time@delay                   bssBANK0     0036
set_time@display_blank           bssBANK0     0035
set_time@edit_field              bssBANK0     0037
set_time@key                     cstackBANK0  002A
set_time@min_digits              bssBANK0     0038
set_time@reset_flag              cstackBANK0  0027
set_time@sec_digits              bssBANK0     0039
start                            init         000C
start_initialization             cinit        000F
ttemp0a                          (abs)        007F
wtemp0                           (abs)        007E
wtemp0a                          (abs)        007F


MODULE INFORMATION

Module		Function		Class		Link	Load	Size
timers.c
		_init_timer2   		CODE           	03F7	0000	9

timers.c estimated size: 9

C:\Program Files\Microchip\xc8\v3.10\pic\sources\c99\common\lwmod.c
		___lwmod       		CODE           	0E8F	0000	58

C:\Program Files\Microchip\xc8\v3.10\pic\sources\c99\common\lwmod.c estimated size: 58

C:\Program Files\Microchip\xc8\v3.10\pic\sources\c99\common\awmod.c
		___awmod       		CODE           	0F46	0000	87

C:\Program Files\Microchip\xc8\v3.10\pic\sources\c99\common\awmod.c estimated size: 87

matrix_keypad.c
		_init_matrix_keypad		CODE           	0D9D	0000	16
		_read_matrix_keypad		CODE           	03D4	0000	35
		_scan_keypad   		CODE           	05DA	0000	187

matrix_keypad.c estimated size: 238

C:\Program Files\Microchip\xc8\v3.10\pic\sources\c99\common\lwdiv.c
		___lwdiv       		CODE           	0F04	0000	66

C:\Program Files\Microchip\xc8\v3.10\pic\sources\c99\common\lwdiv.c estimated size: 66

C:\Program Files\Microchip\xc8\v3.10\pic\sources\c99\common\awdiv.c
		___awdiv       		CODE           	0770	0000	101

C:\Program Files\Microchip\xc8\v3.10\pic\sources\c99\common\awdiv.c estimated size: 101

C:\Program Files\Microchip\xc8\v3.10\pic\sources\c99\common\Umul8.c
		___bmul        		CODE           	0DE8	0000	21

C:\Program Files\Microchip\xc8\v3.10\pic\sources\c99\common\Umul8.c estimated size: 21

isr.c
		_isr           		CODE           	0EC9	0000	59

isr.c estimated size: 59

shared
		__stringtab    		STRING         	0800	0000	18
		__initialization		CODE           	000F	0000	33

shared estimated size: 51

clcd.c
		_clcd_write    		CODE           	0E59	0000	54
		_clear_screen  		CODE           	0DAD	0000	17
		_clcd_print    		CODE           	0E2A	0000	47
		_clcd_putch    		CODE           	0DBE	0000	21
		_init_display_controller		CODE           	0F9D	0000	99
		_init_clcd     		CODE           	0D92	0000	11

clcd.c estimated size: 249

micro_oven.c
		_display_time  		CODE           	04F5	0000	229
		_heat_food     		CODE           	0D88	0000	10
		_display_modes 		CODE           	0DFD	0000	45
		_set_temp      		CODE           	02B8	0000	284
		_display_power_screen		CODE           	0695	0000	110
		_set_time      		CODE           	0034	0000	359
		_display_preheat		CODE           	0703	0000	109

micro_oven.c estimated size: 1146

main.c
		_main          		CODE           	019B	0000	285
		_init_config   		CODE           	0DD3	0000	21

main.c estimated size: 306

C:\Program Files\Microchip\xc8\v3.10\pic\sources\c99\common\Umul16.c
		___wmul        		CODE           	07D5	0000	37

C:\Program Files\Microchip\xc8\v3.10\pic\sources\c99\common\Umul16.c estimated size: 37

